\BOOKMARK [1][-]{section.1}{\376\377\000L\000a\000n\000g\000u\000a\000g\000e\000\040\000o\000f\000\040\000c\000a\000t\000e\000g\000o\000r\000y}{}% 1
\BOOKMARK [2][-]{subsection.1.1}{\376\377\000S\000o\000m\000e}{section.1}% 2
\BOOKMARK [2][-]{subsection.1.2}{\376\377\000F\000u\000n\000c\000t\000o\000r\000\040\000a\000n\000d\000\040\000n\000a\000t\000u\000r\000a\000l\000\040\000t\000r\000a\000n\000s\000f\000o\000r\000m\000a\000t\000i\000o\000n}{section.1}% 3
\BOOKMARK [2][-]{subsection.1.3}{\376\377\000A\000d\000j\000o\000i\000n\000t}{section.1}% 4
\BOOKMARK [1][-]{section.2}{\376\377\000S\000o\000m\000e\000\040\000C\000A}{}% 5
\BOOKMARK [2][-]{subsection.2.1}{\376\377\000I\000n\000t\000e\000g\000r\000a\000l\000i\000t\000y}{section.2}% 6
\BOOKMARK [1][-]{section.3}{\376\377\000A\000f\000f\000i\000n\000e\000\040\000A\000l\000g\000e\000b\000r\000a\000i\000c\000\040\000G\000e\000o\000m\000e\000t\000r\000y}{}% 7
\BOOKMARK [2][-]{subsection.3.1}{\376\377\000H\000i\000l\000b\000e\000r\000t\000'\000s\000\040\000z\000e\000r\000o\000\040\000t\000h\000e\000o\000r\000e\000m\000\040\000\050\000N\000u\000l\000l\000e\000s\000t\000e\000l\000l\000e\000n\000s\000a\000t\000z\000\051}{section.3}% 8
\BOOKMARK [2][-]{subsection.3.2}{\376\377\000Z\000a\000r\000i\000s\000k\000i\000\040\000t\000o\000p\000o\000l\000o\000g\000y}{section.3}% 9
\BOOKMARK [2][-]{subsection.3.3}{\376\377\000C\000o\000o\000r\000d\000i\000n\000a\000t\000e\000\040\000r\000i\000n\000g\000\040\000a\000n\000d\000\040\000f\000u\000n\000c\000t\000o\000r\000\040\000O}{section.3}% 10
\BOOKMARK [1][-]{section.4}{\376\377\000G\000T\000M\000\040\0007\000:\000\040\000a\000\040\000c\000o\000u\000r\000s\000e\000\040\000i\000n\000\040\000a\000r\000i\000t\000h\000m\000e\000t\000i\000c}{}% 11
\BOOKMARK [2][-]{subsection.4.1}{\376\377\000G\000e\000n\000e\000r\000a\000l\000\040\000q\000u\000a\000d\000r\000a\000t\000i\000c\000\040\000f\000o\000r\000m\000s}{section.4}% 12
\BOOKMARK [2][-]{subsection.4.2}{\376\377\000W\000i\000t\000t\000'\000s\000\040\000t\000h\000e\000o\000r\000e\000m}{section.4}% 13
\BOOKMARK [2][-]{subsection.4.3}{\376\377\000T\000r\000a\000n\000s\000l\000a\000t\000i\000o\000n}{section.4}% 14
\BOOKMARK [2][-]{subsection.4.4}{\376\377\000Q\000u\000a\000d\000r\000a\000t\000i\000c\000\040\000f\000o\000r\000m\000s\000\040\000o\000v\000e\000r\000\040\000t\000h\000e\000\040\000p\000-\000a\000d\000i\000c\000\040\000f\000i\000e\000l\000d}{section.4}% 15
\BOOKMARK [1][-]{section.5}{\376\377\000M\000o\000d\000u\000l\000a\000r\000\040\000F\000o\000r\000m}{}% 16
\BOOKMARK [2][-]{subsection.5.1}{\376\377\000M\000o\000d\000u\000l\000a\000r\000\040\000G\000r\000o\000u\000p\000\040}{section.5}% 17
\BOOKMARK [1][-]{section.6}{\376\377\000L\000o\000c\000a\000l\000\040\000f\000i\000e\000l\000d}{}% 18
\BOOKMARK [2][-]{subsection.6.1}{\376\377\000L\000o\000c\000a\000l\000\040\000r\000i\000n\000g\000\040\000a\000n\000d\000\040\000V\000a\000l\000u\000a\000t\000i\000o\000n\000\040\000r\000i\000n\000g}{section.6}% 19
\BOOKMARK [2][-]{subsection.6.2}{\376\377\000D\000e\000d\000e\000k\000i\000n\000d\000\040\000d\000o\000m\000a\000i\000n}{section.6}% 20
\BOOKMARK [2][-]{subsection.6.3}{\376\377\000A\000b\000s\000o\000l\000u\000t\000e\000\040\000v\000a\000l\000u\000e\000\040\000a\000n\000d\000\040\000c\000o\000m\000p\000l\000e\000t\000i\000o\000n}{section.6}% 21
\BOOKMARK [2][-]{subsection.6.4}{\376\377\000H\000e\000n\000s\000e\000l\000'\000s\000\040\000l\000e\000m\000m\000a}{section.6}% 22
\BOOKMARK [2][-]{subsection.6.5}{\376\377\000E\000x\000t\000e\000n\000s\000i\000o\000n\000\040\000o\000f\000\040\000a\000b\000s\000o\000l\000u\000t\000e\000\040\000v\000a\000l\000u\000e\000\040}{section.6}% 23
